/Users/christine/Desktop/doc测试试卷/.venv/lib/python3.9/site-packages/urllib3/__init__.py:35: NotOpenSSLWarning: urllib3 v2 only supports OpenSSL 1.1.1+, currently the 'ssl' module is compiled with 'LibreSSL 2.8.3'. See: https://github.com/urllib3/urllib3/issues/3020
  warnings.warn(
✅ python-docx库可用，支持特殊格式识别
✅ Pandoc可用: 3.7.0.2
📋 初始化了 12 种下划线样式识别
============================================================
Pandoc Word文档处理工具 - 增强版 (支持加点字)
============================================================
文档文件: Chinese/2023-2024学年广东省深圳市福田区三年级（上）期中语文试卷.docx
输出格式: markdown
Prompt模板: prompt_Chinese.md
加点字标记保留: 启用
Coze工作流: 启用
============================================================
🔍 预处理加点字...
中间文件将保存到: processed/2023-2024学年广东省深圳市福田区三年级（上）期中语文试卷_dot_processed.docx
  🔍 调试：找到 0 个波浪线模式
  ✅ 处理了 18 个加点字
🔍 开始分析文档格式...
✅ 格式分析完成: 268个段落, 7个表格
📊 发现 534 个包含特殊格式的文本片段
📏 发现 35 个包含首行缩进的段落
📐 发现 7 个居中对齐的段落
📑 发现 0 个居右对齐的段落
开始处理文档: Chinese/processed/2023-2024学年广东省深圳市福田区三年级（上）期中语文试卷_dot_processed.docx
文件大小: 0.54 MB
执行命令: pandoc Chinese/processed/2023-2024学年广东省深圳市福田区三年级（上）期中语文试卷_dot_processed.docx --to markdown --wrap none --standalone --quiet
✅ 转换成功: 17968 字符
检测到docx文件，图片处理已禁用以提高运行效率
🎨 开始增强格式标注...
🔍 开始分析 534 个特殊格式文本
📏 开始分析 252 个段落格式
  ⚠️ 未检测到波浪线填空，跳过处理
  🌊 格式分析发现波浪线文本：'红头看见自己的朋友，高兴得流下了眼泪：“谢谢你……”'...
  🌊 格式分析发现波浪线文本：'红头看见自己的朋友，高兴得流下了眼泪：“谢谢你……”'...
  🌊 转换波浪线文本：'红头看见自己的朋友，高兴得流下了眼泪：“谢谢你……”'... → .wavy-underline
  🌊 转换波浪线文本：'红头看见自己的朋友，高兴得流下了眼泪：“谢谢你……”'... → .wavy-underline
  ✅ 处理了 2 个有内容的波浪线文本
✅ 居中标记(精确25): "2023-2024学年广东省深圳市福田区三年级（上..."
✅ 居中标记(精确5): "苏菲的杰作..."
     尝试回退匹配策略...
     ✅ 模糊匹配成功 (相似度: 0.96)
✅ 居中标记(模糊匹配(0.96)): "**2023-2024学年广东省深圳市福田区三年级（上）期中..."
✅ 居中标记(精确8): "参考答案与试题解..."
✅ 居中标记(关键词匹配(苏菲的杰作)): "> 【居中】苏菲的杰作..."
✅ 居中标记(精确15): "xxxx年x月x日 星期五 天..."
✅ 居中标记(精确8): "土豆、笛子和小麻..."
✅ 缩进标记(独立行综合清理): "A．[\[DOT_BELOW\]喷\[/DOT_BELOW\..."
✅ 缩进标记(独立行综合清理): "B．[\[DOT_BELOW\]诱\[/DOT_BELOW\..."
✅ 缩进标记(独立行综合清理): "C．[\[DOT_BELOW\]介\[/DOT_BELOW\..."
✅ 缩进标记(独立行): "A．吱 哗 呜 B．咽 啃 咬 C．叫 吵 啼..."
✅ 缩进标记(独立行引号清理): "A．小裁缝回答说："好吧，我一定会制伏两个巨人的。"..."
✅ 缩进标记(独立行引号清理): "B．"我认为我必须重新到外面的世界去"：丑小鸭说。..."
✅ 缩进标记(独立行引号清理): "C．"我好几天没吃东西了，"拇指姑娘对田鼠说道，"请给我点吃..."
✅ 缩进标记(独立行引号清理): "A．'人心齐，泰山移'..."
✅ 缩进标记(独立行引号清理): "B．'灯不拨不亮，理不辩不明'..."
✅ 缩进标记(独立行引号清理): "C．'一时强弱在于力，万古胜负在于理'..."
✅ 缩进标记(独立行): "A．阅读童话故事，不仅可以丰富我们的想象，还能收获许多启示。..."
✅ 缩进标记(独立行): "B．写字时横画要写得端正，竖画要写得平稳，注意横直竖平。..."
✅ 缩进标记(独立行): "C．边读边预测故事内容，可以帮助我们更好地理解文章意思。..."
✅ 缩进标记(独立行综合清理): "A．[\[DOT_BELOW\]喷\[/DOT_BELOW\..."
✅ 缩进标记(独立行综合清理): "B．[\[DOT_BELOW\]诱\[/DOT_BELOW\..."
✅ 缩进标记(独立行综合清理): "C．[\[DOT_BELOW\]介\[/DOT_BELOW\..."
✅ 缩进标记(独立行): "A．吱 哗 呜 B．咽 啃 咬 C．叫 吵 啼..."
✅ 缩进标记(独立行引号清理): "A．小裁缝回答说："好吧，我一定会制伏两个巨人的。"..."
✅ 缩进标记(独立行引号清理): "B．"我认为我必须重新到外面的世界去"：丑小鸭说。..."
✅ 缩进标记(独立行引号清理): "C．"我好几天没吃东西了，"拇指姑娘对田鼠说道，"请给我点吃..."
✅ 缩进标记(独立行引号清理): "A．'人心齐，泰山移'..."
✅ 缩进标记(独立行引号清理): "B．'灯不拨不亮，理不辩不明'..."
✅ 缩进标记(独立行引号清理): "C．'一时强弱在于力，万古胜负在于理'..."
✅ 缩进标记(独立行): "A．阅读童话故事，不仅可以丰富我们的想象，还能收获许多启示。..."
✅ 缩进标记(独立行): "B．写字时横画要写得端正，竖画要写得平稳，注意横直竖平。..."
✅ 缩进标记(独立行): "C．边读边预测故事内容，可以帮助我们更好地理解文章意思。..."
✅ 缩进标记(独立行引号清理): "昨天晚上，我和小强吃过晚饭后出去玩，我们追追打打，玩得十分开..."
✅ 缩进标记(独立行引号清理): "后来，我问小强："你干嘛这么认真，车扶不起来就算了，何必一定..."
✅ 缩进标记(独立行): "这就是我的小伙伴，怎么样，人不错吧？小强是他的小名，他的全名..."
✅ 缩进标记(独立行): "在一座大山的深处，住着一个可爱的小土豆，他有一个梦想，就是学..."
✅ 缩进标记(独立行引号清理): "一只可爱的小麻雀飞到了他的身边，问道："小土豆，你为什么这么..."
✅ 缩进标记(独立行): "于是，小麻雀飞遍了整个世界，终于找到了一个会吹笛子的老师，那..."
✅ 缩进标记(独立行): "小土豆高兴极了，他每天都在努力学习吹笛子，他的笛声飘荡在山谷..."
✅ 缩进标记(独立行): "这就是我心中的童话，一个关于友情、梦想和坚持的故事。我想，只..."
✅ 缩进标记(独立行): "菁优网APP 菁优网公众号 菁优网小程序..."
格式增强: "本题为自命题的童话作文，要求从所给的词语中任意选择三个词语，..." -> .font-10.5pt
格式增强: "声明：试题解析著作权属菁优网所有，未经书面同意，不得复制发布..." -> .color-FFFFFF .font-0.5pt
格式增强: "第二行开始写正文，写什么都可以，做了什么、感受到了什么，日记..." -> .font-10.5pt
格式增强: "没想到这个女人没有打骂它，她抱着宝宝微笑地看着苏菲，那笑容像..." -> .font-10.5pt
格式增强: "没想到这个女人没有打骂它，她抱着宝宝微笑地看着苏菲，那笑容像..." -> .font-10.5pt
格式增强: "谚语、俗语及惯用语在实际的语言运用中非常广泛。在平时的学习中..." -> .font-10.5pt
格式增强: "我叫吕岱峰，这是爷爷给我取的。岱的意思是泰山，爷爷希望我做人..." -> .single-underline .font-10.5pt
格式增强: "（1）叫吕岱峰，这是爷爷给我取的。岱的意思是泰山，爷爷希望我..." -> .font-10.5pt
格式增强: "我叫吕岱峰，这是给我取的。岱的意思是泰山，爷爷希望想要我做人..." -> .font-10.5pt
格式增强: "我叫吕岱峰，这是给我取的。岱的意思是泰山，爷爷希望想要我做人..." -> .font-10.5pt
格式增强: "考查了阅读策略和方法、汉字书写。阅读策略是指阅读主体在阅读过..." -> .font-10.5pt
格式增强: "在一座大山的深处，住着一个可爱的小土豆，他有一个梦想，就是学..." -> .font-10.5pt
格式增强: "考查了谚语、俗语及惯用语。谚语着重于传达深刻的道理和智慧，俗..." -> .font-10.5pt
格式增强: "苏菲好伤心，它越过地毯，爬进三楼一个年轻女人的房间里。这个女..." -> .font-10.5pt
格式增强: "苏菲好伤心，它越过地毯，爬进三楼一个年轻女人的房间里。这个女..." -> .font-10.5pt
格式增强: "于是，小麻雀飞遍了整个世界，终于找到了一个会吹笛子的老师，那..." -> .font-10.5pt
格式增强: "这是篇童话的文章，小作者通过活泼生动的语言，向我们讲述了土豆..." -> .font-10.5pt
格式增强: "ㅤㅤ红头在牛肚子里随着草一起移动，从第一个胃到了第二个胃，又..." -> .font-10.5pt
格式增强: "ㅤㅤ红头在牛肚子里随着草一起移动，从第一个胃到了第二个胃，又..." -> .font-10.5pt
格式增强: "ㅤㅤ你们之间发生过哪些让你难以忘怀的瞬间？请你用日记的形式写..." -> .font-10.5pt
格式增强: "ㅤㅤ你们之间发生过哪些让你难以忘怀的瞬间？请你用日记的形式写..." -> .font-10.5pt
格式增强: "这就是我心中的童话，一个关于友情、梦想和坚持的故事。我想，只..." -> .font-10.5pt
格式增强: "考查了看拼音写词语，根据所学汉语拼音知识进行拼读写出相应的汉..." -> .font-10.5pt
格式增强: "考查了学生对于平时所学生字读音的掌握情况，根据所学汉语拼音正..." -> .font-10.5pt
格式增强: "A.人心齐，泰山移：形容只要人们的心往一处，共同努力，就能移..." -> .font-10.5pt
格式增强: "考查了学生的阅读分析能力，完成时要认真阅读短文，了解短文内容..." -> .font-10.5pt
格式增强: "此题根据拼音写汉字，考查对字形的把握，解答此题的关键是多写，..." -> .font-10.5pt
格式增强: "B.灯不拨不亮，理不辩不明：灯油不经过木棒拨一下，是不会明亮..." -> .font-10.5pt
格式增强: "年轻女人在篮子里发现了这条毯子，她满怀爱意和惊喜，把毯子盖在..." -> .font-10.5pt
格式增强: "C.一时强弱在于力，万古胜负在于理：一时的强弱在于力量的大小..." -> .font-10.5pt
格式增强: "主题活动柜是小学语文中常见的题型，对于增强学生组织语言的能力..." -> .font-10.5pt
格式增强: "年轻女人在篮子里发现了这条毯子，她满怀爱意和惊喜，把毯子盖在..." -> .font-10.5pt
格式增强: "本文重点写了紧张激烈的场面活动和自己的亲身感受，语句通顺，结..." -> .font-10.5pt
格式增强: "ㅤㅤ题目：请从下面任意选择三个词语，展开想象，编写一个有趣的..." -> .font-10.5pt
格式增强: "ㅤㅤ题目：请从下面任意选择三个词语，展开想象，编写一个有趣的..." -> .font-10.5pt
格式增强: "偏旁是合体字的构字部件，主要包含形旁和声旁两类，平时在阅读时..." -> .font-10.5pt
格式增强: "小土豆高兴极了，他每天都在努力学习吹笛子，他的笛声飘荡在山谷..." -> .font-10.5pt
格式增强: "AC项正确，B项错误，要想把字写端正，就要把横画写得平稳，竖..." -> .font-10.5pt
格式增强: "（3）多亏您救了我。要不是您的救助，我早就被老牛嚼碎了，我和..." -> .font-10.5pt
格式增强: "多亏您救了我。要不是您的救助，我早就被老牛嚼碎了，我和你就永..." -> .single-underline .font-10.5pt
格式增强: "本题考查了学生对于偏旁部首及偏旁部首所表示的意思的掌握情况，..." -> .font-10.5pt
格式增强: "考查了主题活动，完成此类题目要注意分析所给材料，明确交际的内..." -> .font-10.5pt
格式增强: "学习理解语段内容，了解语段的主旨，认真阅读语段，抓住语段中的..." -> .font-10.5pt
格式增强: "苏菲匆匆忙忙地逃走了，它飞快地爬出衣橱（chú），穿过走廊，..." -> .single-underline .font-10.5pt
格式增强: "苏菲匆匆忙忙地逃走了，它飞快地爬出衣橱（chú），穿过走廊，..." -> .single-underline .font-10.5pt
格式增强: "本书主要介绍了一只小小的蜘蛛，用细细的丝线，为刚出生的宝宝织..." -> .font-10.5pt
格式增强: "本题是主要考查了学生对标点的掌握，学生应注意各个标点符号的运..." -> .font-10.5pt
格式增强: "阅读要注重培养学生课外阅读的能力，提高学生的文学素养，掌握正..." -> .font-10.5pt
格式增强: "ㅤㅤ题目：你最要好的朋友是谁？想起他（她），你心中是否会感到..." -> .font-10.5pt
格式增强: "ㅤㅤ题目：你最要好的朋友是谁？想起他（她），你心中是否会感到..." -> .font-10.5pt
格式增强: "考查了标点符号。根据句子中的关键词提示判断标点符号的用法是否..." -> .font-10.5pt
格式增强: "（4）一条柔软美丽的毯子。上面有月光般银白的光线，有星星般闪..." -> .font-10.5pt
格式增强: "这就是我的小伙伴，怎么样，人不错吧？小强是他的小名，他的全名..." -> .font-10.5pt
格式增强: "掌握汉语拼音，音节是中心，声韵调是基础，注意平时大量练习，熟..." -> .font-10.5pt
格式增强: "（1）房东太太是大声嚷，拿起抹布，朝苏菲打去 厨师 微笑地看..." -> .font-10.5pt
格式增强: "（2）同学们对你的名字很感兴趣，请你也来讲讲藏在你名字里的故..." -> .font-10.5pt
格式增强: "苏菲爬上楼梯，钻进船长的衣橱里。当它想为船长织一套蓝色的新衣..." -> .font-10.5pt
格式增强: "（2）同学们对你的名字很感兴趣，请你也来讲讲藏在你名字里的故..." -> .font-10.5pt
格式增强: "苏菲爬上楼梯，钻进船长的衣橱里。当它想为船长织一套蓝色的新衣..." -> .font-10.5pt
格式增强: "2023-2024学年广东省深圳市福田区三年级（上）期中语文..." -> .bold .font-15.0pt
格式增强: "4．（3分）下列带有口字旁的字，与叫唤的动作有关的一项是（　..." -> .font-10.5pt
格式增强: "2023-2024学年广东省深圳市福田区三年级（上）期中语文..." -> .bold .font-15.0pt
格式增强: "4．（3分）下列带有口字旁的字，与叫唤的动作有关的一项是（　..." -> .font-10.5pt
格式增强: "（2）考查了开放探究。结合自己的名字，谈一谈名字里的故事即可..." -> .font-10.5pt
格式增强: "A．阅读童话故事，不仅可以丰富我们的想象，还能收获许多启示。" -> .font-10.5pt
格式增强: "A．阅读童话故事，不仅可以丰富我们的想象，还能收获许多启示。" -> .font-10.5pt
格式增强: "唐代服饰用色浓烈大方，呈现出雍（yōng）容华美的特点。" -> .font-10.5pt
格式增强: "ㅤㅤ这时，青头爬到牛鼻子上，用它的身体在牛鼻孔里蹭来蹭去。" -> .font-10.5pt
格式增强: "唐代服饰用色浓烈大方，呈现出雍（yōng）容华美的特点。" -> .font-10.5pt
格式增强: "ㅤㅤ这时，青头爬到牛鼻子上，用它的身体在牛鼻孔里蹭来蹭去。" -> .font-10.5pt
格式增强: "有人认为，让汉服回归现代生活才是对其最好的保护与传承。" -> .font-10.5pt
格式增强: "5．（3分）下列句子中，标点符号使用有误的一项是（　　）" -> .font-10.5pt
格式增强: "B．写字时横画要写得端正，竖画要写得平稳，注意横直竖平。" -> .font-10.5pt
格式增强: "C．边读边预测故事内容，可以帮助我们更好地理解文章意思。" -> .font-10.5pt
格式增强: "有人认为，让汉服回归现代生活才是对其最好的保护与传承。" -> .font-10.5pt
格式增强: "5．（3分）下列句子中，标点符号使用有误的一项是（　　）" -> .font-10.5pt
格式增强: "B．写字时横画要写得端正，竖画要写得平稳，注意横直竖平。" -> .font-10.5pt
格式增强: "C．边读边预测故事内容，可以帮助我们更好地理解文章意思。" -> .font-10.5pt
格式增强: "1．请认真听录音朗读短文两遍，然后按要求回答下列问题。" -> .font-10.5pt
格式增强: "1．请认真听录音朗读短文两遍，然后按要求回答下列问题。" -> .font-10.5pt
格式增强: "（1）峰峰的发言中有几处错误，请你用修改符号改正。" -> .font-10.5pt
格式增强: "（4）你认为红头能够成功从牛肚子里出来的原因是什么？" -> .font-10.5pt
格式增强: "（1）峰峰的发言中有几处错误，请你用修改符号改正。" -> .font-10.5pt
格式增强: "（4）你认为红头能够成功从牛肚子里出来的原因是什么？" -> .font-10.5pt
格式增强: "自然段时，你预测后面会发生什么？请写在文中方框里。" -> .font-10.5pt
格式增强: "五、习作。请从下面两个题目中任选一个，写一篇作文。" -> .bold .font-10.5pt
格式增强: "自然段时，你预测后面会发生什么？请写在文中方框里。" -> .font-10.5pt
格式增强: "（2）船长看到它，大声尖叫 苏菲匆匆忙忙地逃走了。" -> .font-10.5pt
格式增强: "五、习作。请从下面两个题目中任选一个，写一篇作文。" -> .bold .font-10.5pt
格式增强: "宋代汉服在形制设计和风格上同唐代汉服完全一样。" -> .font-10.5pt
格式增强: "自然段，公寓里的人是怎样对待苏菲的？请你填一填。" -> .font-10.5pt
格式增强: "宋代汉服在形制设计和风格上同唐代汉服完全一样。" -> .font-10.5pt
格式增强: "自然段，公寓里的人是怎样对待苏菲的？请你填一填。" -> .font-10.5pt
格式增强: "3．（3分）下列加点字读音有误的一项是（　　）" -> .font-10.5pt
格式增强: "（1）请你结合选段内容，理一理红头的旅行路线。" -> .font-10.5pt
格式增强: "3．（3分）下列加点字读音有误的一项是（　　）" -> .font-10.5pt
格式增强: "（1）请你结合选段内容，理一理红头的旅行路线。" -> .font-10.5pt
格式增强: "2．读一读，写一写，注意把字写得正确、美观。" -> .font-10.5pt
格式增强: "2．读一读，写一写，注意把字写得正确、美观。" -> .font-10.5pt
格式增强: "A.唐制、魏晋（jìn）风、宋制、明制汉服" -> .font-10.5pt
格式增强: "苏菲不是普通的蜘蛛，它能织出非常奇妙的网。" -> .font-10.5pt
格式增强: "A.唐制、魏晋（jìn）风、宋制、明制汉服" -> .font-10.5pt
格式增强: "（4）青头利用牛反刍的特点帮助红头出来的。" -> .font-10.5pt
格式增强: "苏菲不是普通的蜘蛛，它能织出非常奇妙的网。" -> .font-10.5pt
格式增强: "第一行写年月日，周几，天气如何，格式居中；" -> .font-10.5pt
格式增强: "房东太太是大声嚷，拿起抹布，朝苏菲打去" -> .single-underline .font-10.5pt
格式增强: "水；皑皑的白雪，那是冬爷爷给大地pū" -> .font-10.5pt
格式增强: "7．（3分）下列说法错误的一项是（　　）" -> .font-10.5pt
格式增强: "水；皑皑的白雪，那是冬爷爷给大地pū" -> .font-10.5pt
格式增强: "B．有误，去掉冒号，引号里的句子用句号。" -> .font-10.5pt
格式增强: "7．（3分）下列说法错误的一项是（　　）" -> .font-10.5pt
格式增强: "青头利用牛反刍的特点帮助红头出来的。" -> .single-underline .font-10.5pt
格式增强: "（1）汉服，是汉民族的传统服装，又称" -> .font-10.5pt
格式增强: "（2）汉服一脉相承，按时期可依次分为" -> .font-10.5pt
格式增强: "三、选择题，选择恰当的一项填入括号内。" -> .bold .font-10.5pt
格式增强: "（1）汉服，是汉民族的传统服装，又称" -> .font-10.5pt
格式增强: "（2）汉服一脉相承，按时期可依次分为" -> .font-10.5pt
格式增强: "三、选择题，选择恰当的一项填入括号内。" -> .bold .font-10.5pt
格式增强: "xxxx年x月x日 星期五 天气 晴" -> .font-10.5pt
格式增强: "莹的雨滴，是云宝宝伤心时liú" -> .font-10.5pt
格式增强: "四、阅读下列短文，按要求回答问题。" -> .bold .font-10.5pt
格式增强: "莹的雨滴，是云宝宝伤心时liú" -> .font-10.5pt
格式增强: "四、阅读下列短文，按要求回答问题。" -> .bold .font-10.5pt
格式增强: "B.魏晋风、唐制、宋制、明制汉服" -> .font-10.5pt
格式增强: "C.魏晋风、宋制、明制、唐制汉服" -> .font-10.5pt
格式增强: "四、根据所学知识，完成以下练习。" -> .bold .font-10.5pt
格式增强: "B.魏晋风、唐制、宋制、明制汉服" -> .font-10.5pt
格式增强: "C.魏晋风、宋制、明制、唐制汉服" -> .font-10.5pt
格式增强: "四、根据所学知识，完成以下练习。" -> .bold .font-10.5pt
格式增强: "气呼呼地大骂，用力把苏菲甩了出来" -> .font-10.5pt
格式增强: "气呼呼地大骂，用力把苏菲甩了出来" -> .font-10.5pt
格式增强: "，是大山chuān dài" -> .font-10.5pt
格式增强: "，是大山chuān dài" -> .font-10.5pt
格式增强: "；遍野jīn huáng" -> .font-10.5pt
格式增强: "上的一床nuǎn huo" -> .font-10.5pt
格式增强: "；遍野jīn huáng" -> .font-10.5pt
格式增强: "上的一床nuǎn huo" -> .font-10.5pt
格式增强: "苏菲匆匆忙忙地逃走了。" -> .single-underline .font-10.5pt
格式增强: "让我们用心体会自rán" -> .font-10.5pt
格式增强: "，是柳姑娘张开双bì" -> .font-10.5pt
格式增强: "：用画笔记录身边美景。" -> .font-10.5pt
格式增强: "：用文字描绘眼前景色。" -> .font-10.5pt
格式增强: "：用歌声赞颂美丽景物。" -> .font-10.5pt
格式增强: "让我们用心体会自rán" -> .font-10.5pt
格式增强: "，是柳姑娘张开双bì" -> .font-10.5pt
格式增强: "：用画笔记录身边美景。" -> .font-10.5pt
格式增强: "：用文字描绘眼前景色。" -> .font-10.5pt
格式增强: "：用歌声赞颂美丽景物。" -> .font-10.5pt
格式增强: "船长看到它，大声尖叫" -> .single-underline .font-10.5pt
格式增强: "的奇妙：飞yáng" -> .font-10.5pt
格式增强: "的xiān yàn" -> .font-10.5pt
格式增强: "读到这里，我的预测是：" -> .font-10.5pt
格式增强: "一．选择题（共5小题）" -> .bold .font-10.5pt
格式增强: "的奇妙：飞yáng" -> .font-10.5pt
格式增强: "的xiān yàn" -> .font-10.5pt
格式增强: "读到这里，我的预测是：" -> .font-10.5pt
格式增强: "的shù zhī" -> .font-10.5pt
格式增强: "的shù zhī" -> .font-10.5pt
格式增强: "，在风中起wǔ" -> .font-10.5pt
格式增强: "的luò yè" -> .font-10.5pt
格式增强: "秋衣；jīng" -> .font-10.5pt
格式增强: "秋：凉爽、硕果累累" -> .font-10.5pt
格式增强: "参考答案与试题解析" -> .bold .font-8.0pt
格式增强: "，在风中起wǔ" -> .font-10.5pt
格式增强: "的luò yè" -> .font-10.5pt
格式增强: "秋衣；jīng" -> .font-10.5pt
格式增强: "秋：凉爽、硕果累累" -> .font-10.5pt
格式增强: "明媚、春暖花开" -> .single-underline .font-10.5pt
格式增强: "炎热、骄阳似火" -> .single-underline .font-10.5pt
格式增强: "寒冷、白雪皑皑" -> .single-underline .font-10.5pt
格式增强: "一年好景君须记" -> .single-underline .font-10.5pt
格式增强: "白云生处有人家" -> .single-underline .font-10.5pt
格式增强: "江上秋风动客情" -> .single-underline .font-10.5pt
格式增强: "土豆、笛子和小麻雀" -> .font-10.5pt
格式增强: "微笑地看着苏菲" -> .single-underline .font-10.5pt
格式增强: "香（pèn）" -> .font-10.5pt
格式增强: "惑（yòu）" -> .font-10.5pt
格式增强: "绍（jiè）" -> .font-10.5pt
格式增强: "晃（huàng）" -> .font-10.5pt
格式增强: "10．课外阅读。" -> .font-10.5pt
格式增强: "香（pèn）" -> .font-10.5pt
格式增强: "惑（yòu）" -> .font-10.5pt
格式增强: "绍（jiè）" -> .font-10.5pt
格式增强: "晃（huàng）" -> .font-10.5pt
格式增强: "10．课外阅读。" -> .font-10.5pt
格式增强: "下的lèi" -> .font-10.5pt
格式增强: "A．吱 哗 呜" -> .font-10.5pt
格式增强: "B．咽 啃 咬" -> .font-10.5pt
格式增强: "C．叫 吵 啼" -> .font-10.5pt
格式增强: "9．课内阅读。" -> .font-10.5pt
格式增强: "下的lèi" -> .font-10.5pt
格式增强: "A．吱 哗 呜" -> .font-10.5pt
格式增强: "B．咽 啃 咬" -> .font-10.5pt
格式增强: "C．叫 吵 啼" -> .font-10.5pt
格式增强: "歌声振林樾" -> .single-underline .font-10.5pt
格式增强: "9．课内阅读。" -> .font-10.5pt
格式增强: "对待苏菲的态度" -> .font-10.5pt
格式增强: "对待苏菲的态度" -> .font-10.5pt
格式增强: "我的依据是：" -> .font-10.5pt
格式增强: "A、B正确。" -> .font-10.5pt
格式增强: "A、C正确。" -> .font-10.5pt
格式增强: "神笔马良" -> .single-underline .font-10.5pt
格式增强: "文字之舟" -> .single-underline .font-10.5pt
格式增强: "天籁之声" -> .single-underline .font-10.5pt
格式增强: "第二个胃" -> .single-underline .font-10.5pt
格式增强: "我的依据是：" -> .font-10.5pt
格式增强: "碌（gū）" -> .font-10.5pt
格式增强: "（jià）" -> .font-10.5pt
格式增强: "第一个胃→" -> .font-10.5pt
格式增强: "苏菲的杰作" -> .font-10.5pt
格式增强: "（1）读第" -> .font-10.5pt
格式增强: "（2）读第" -> .font-10.5pt
格式增强: "（3）读第" -> .font-10.5pt
格式增强: "的语气。" -> .font-10.5pt
格式增强: "11．习作" -> .font-10.5pt
格式增强: "12．习作" -> .font-10.5pt
格式增强: "故答案为：" -> .font-10.5pt
格式增强: "碌（gū）" -> .font-10.5pt
格式增强: "（jià）" -> .font-10.5pt
格式增强: "故选：C。" -> .font-10.5pt
格式增强: "故选：C。" -> .font-10.5pt
格式增强: "故选：B。" -> .font-10.5pt
格式增强: "故选：A。" -> .font-10.5pt
格式增强: "故选：B。" -> .font-10.5pt
格式增强: "骑黄牛" -> .single-underline .font-10.5pt
格式增强: "故答案为：" -> .font-10.5pt
格式增强: "第一个胃→" -> .font-10.5pt
格式增强: "牛嘴里" -> .single-underline .font-10.5pt
格式增强: "故答案为：" -> .font-10.5pt
格式增强: "苏菲的杰作" -> .font-10.5pt
格式增强: "（1）读第" -> .font-10.5pt
格式增强: "（2）读第" -> .font-10.5pt
格式增强: "（3）读第" -> .font-10.5pt
格式增强: "的语气。" -> .font-10.5pt
格式增强: "故答案为：" -> .font-10.5pt
格式增强: "（3）B；" -> .font-10.5pt
格式增强: "11．习作" -> .font-10.5pt
格式增强: "日记格式：" -> .font-10.5pt
格式增强: "12．习作" -> .font-10.5pt
格式增强: "一、听力" -> .bold .font-10.5pt
格式增强: "棉被。" -> .font-10.5pt
格式增强: "A.欣喜" -> .font-10.5pt
格式增强: "B.慌张" -> .font-10.5pt
格式增强: "C.激动" -> .font-10.5pt
格式增强: "一、听力" -> .bold .font-10.5pt
格式增强: "【分析】" -> .color-0000FF .font-10.5pt
格式增强: "【解答】" -> .color-0000FF .font-10.5pt
格式增强: "【点评】" -> .color-0000FF .font-10.5pt
格式增强: "树枝" -> .single-underline .font-10.5pt
格式增强: "金黄" -> .single-underline .font-10.5pt
格式增强: "落叶" -> .single-underline .font-10.5pt
格式增强: "穿戴" -> .single-underline .font-10.5pt
格式增强: "鲜艳" -> .single-underline .font-10.5pt
格式增强: "暖和" -> .single-underline .font-10.5pt
格式增强: "棉被。" -> .font-10.5pt
格式增强: "【分析】" -> .color-0000FF .font-10.5pt
格式增强: "【解答】" -> .color-0000FF .font-10.5pt
格式增强: "【点评】" -> .color-0000FF .font-10.5pt
格式增强: "【分析】" -> .color-0000FF .font-10.5pt
格式增强: "【解答】" -> .color-0000FF .font-10.5pt
格式增强: "【点评】" -> .color-0000FF .font-10.5pt
格式增强: "【分析】" -> .color-0000FF .font-10.5pt
格式增强: "【解答】" -> .color-0000FF .font-10.5pt
格式增强: "【点评】" -> .color-0000FF .font-10.5pt
格式增强: "【分析】" -> .color-0000FF .font-10.5pt
格式增强: "【解答】" -> .color-0000FF .font-10.5pt
格式增强: "【点评】" -> .color-0000FF .font-10.5pt
格式增强: "【分析】" -> .color-0000FF .font-10.5pt
格式增强: "【解答】" -> .color-0000FF .font-10.5pt
格式增强: "【点评】" -> .color-0000FF .font-10.5pt
格式增强: "【分析】" -> .color-0000FF .font-10.5pt
格式增强: "【解答】" -> .color-0000FF .font-10.5pt
格式增强: "【点评】" -> .color-0000FF .font-10.5pt
格式增强: "【分析】" -> .color-0000FF .font-10.5pt
格式增强: "【解答】" -> .color-0000FF .font-10.5pt
格式增强: "【点评】" -> .color-0000FF .font-10.5pt
格式增强: "【分析】" -> .color-0000FF .font-10.5pt
格式增强: "【解答】" -> .color-0000FF .font-10.5pt
格式增强: "【点评】" -> .color-0000FF .font-10.5pt
格式增强: "A.欣喜" -> .font-10.5pt
格式增强: "B.慌张" -> .font-10.5pt
格式增强: "C.激动" -> .font-10.5pt
格式增强: "【分析】" -> .color-0000FF .font-10.5pt
格式增强: "【解答】" -> .color-0000FF .font-10.5pt
格式增强: "【点评】" -> .color-0000FF .font-10.5pt
格式增强: "【分析】" -> .color-0000FF .font-10.5pt
格式增强: "【解答】" -> .color-0000FF .font-10.5pt
格式增强: "【点评】" -> .color-0000FF .font-10.5pt
格式增强: "【分析】" -> .color-0000FF .font-10.5pt
格式增强: "【解答】" -> .color-0000FF .font-10.5pt
格式增强: "【点评】" -> .color-0000FF .font-10.5pt
格式增强: "房东太太" -> .font-10.5pt
格式增强: "年轻女人" -> .font-10.5pt
格式增强: "房东太太" -> .font-10.5pt
格式增强: "厨师" -> .single-underline .font-10.5pt
格式增强: "年轻女人" -> .font-10.5pt
格式增强: "等。" -> .font-10.5pt
格式增强: "等。" -> .font-10.5pt
格式增强: "范文：" -> .font-10.5pt
格式增强: "范文：" -> .font-10.5pt
格式增强: "小麻雀" -> .font-10.5pt
格式增强: "小河边" -> .font-10.5pt
格式增强: "小麻雀" -> .font-10.5pt
格式增强: "小河边" -> .font-10.5pt
格式增强: "A．" -> .font-10.5pt
格式增强: "B．" -> .font-10.5pt
格式增强: "C．" -> .font-10.5pt
格式增强: "春：" -> .font-10.5pt
格式增强: "夏：" -> .font-10.5pt
格式增强: "冬：" -> .font-10.5pt
格式增强: "ㅤㅤ" -> .font-10.5pt
格式增强: "ㅤㅤ" -> .font-10.5pt
格式增强: "ㅤㅤ" -> .font-10.5pt
格式增强: "ㅤㅤ" -> .font-10.5pt
格式增强: "ㅤㅤ" -> .font-10.5pt
格式增强: "ㅤㅤ" -> .font-10.5pt
格式增强: "ㅤㅤ" -> .font-10.5pt
格式增强: "ㅤㅤ" -> .font-10.5pt
格式增强: "A．" -> .font-10.5pt
格式增强: "B．" -> .font-10.5pt
格式增强: "C．" -> .font-10.5pt
格式增强: "春：" -> .font-10.5pt
格式增强: "夏：" -> .font-10.5pt
格式增强: "冬：" -> .font-10.5pt
格式增强: "ㅤㅤ" -> .font-10.5pt
格式增强: "ㅤㅤ" -> .font-10.5pt
格式增强: "ㅤㅤ" -> .font-10.5pt
格式增强: "ㅤㅤ" -> .font-10.5pt
格式增强: "ㅤㅤ" -> .font-10.5pt
格式增强: "ㅤㅤ" -> .font-10.5pt
格式增强: "ㅤㅤ" -> .font-10.5pt
格式增强: "ㅤㅤ" -> .font-10.5pt
格式增强: "人物" -> .font-10.5pt
格式增强: "土豆" -> .font-10.5pt
格式增强: "笛子" -> .font-10.5pt
格式增强: "头发" -> .font-10.5pt
格式增强: "月亮" -> .font-10.5pt
格式增强: "题号" -> .font-10.5pt
格式增强: "答案" -> .font-10.5pt
格式增强: "人物" -> .font-10.5pt
格式增强: "土豆" -> .font-10.5pt
格式增强: "笛子" -> .font-10.5pt
格式增强: "头发" -> .font-10.5pt
格式增强: "月亮" -> .font-10.5pt
✅ 格式增强完成:
 居右对齐标记: 0 个段落
 居中对齐标记: 7 个段落
 首行缩进标记: 35 个段落
 特殊格式标记: 344 个文本
转换结果已保存到: pandoc_res/pandoc转换结果_20250902_153300.txt
🔀 转换连续短横线为中文破折号...
  ✅ 转换了 52 处连续短横线为中文破折号（每3个短横线转换为1个em dash）
开始调用大模型API...
成功加载prompt模板: prompt_Chinese.md
🔍 测试API连接...
✅ API连接测试成功
🚀 调用大模型API解析文档结构...
请求URL: https://ark.cn-beijing.volces.com/api/v3/chat/completions
模型: doubao-seed-1-6-250615
消息长度: 82571 字符
📡 开始接收流式响应...
[
  {
    "subjectId": 1,
    "phaseId": 1,
    "question": {
      "content": "<p>请认真听录音朗读短文两遍，然后按要求回答下列问题。</p>",
      "type": "综合"
    },
    "subQuestions": [
      {
        "content": "<p>汉服，是汉民族的传统服装，又称<input size=\"15\" readonly=\"readonly\" type=\"underline\">。</p>",
        "type": "填空",
        "answer": {
          "blanks": ["略"]
        },
        "solution": "<p>本题考查对录音内容的理解和记忆能力。</p>"
      },
      {
        "content": "<p>汉服一脉相承，按时期可依次分为<input size=\"15\" readonly=\"readonly\" type=\"underline\">等。</p>",
        "type": "单选",
        "accessories": [
          "<p>唐制、魏晋风、宋制、明制汉服</p>",
          "<p>魏晋风、唐制、宋制、明制汉服</p>",
          "<p>魏晋风、宋制、明制、唐制汉服</p>"
        ],
        "answer": {
          "choice": "1"
        },
        "solution": "<p>本题考查对录音内容的理解和记忆能力。</p>"
      },
      {
        "content": "<p>根据录音内容判断对错，对的打\"√\"，错的打\"×\"。唐代服饰用色浓烈大方，呈现出雍容华美的特点。（）</p>",
        "type": "判断",
        "answer": {
          "choice": "1"
        },
        "solution": "<p>本题考查对录音内容的理解和判断能力。</p>"
      },
      {
        "content": "<p>根据录音内容判断对错，对的打\"√\"，错的打\"×\"。宋代汉服在形制设计和风格上同唐代汉服完全一样。（）</p>",
        "type": "判断",
        "answer": {
          "choice": "0"
        },
        "solution": "<p>本题考查对录音内容的理解和判断能力。</p>"
      },
      {
        "content": "<p>根据录音内容判断对错，对的打\"√\"，错的打\"×\"。有人认为，让汉服回归现代生活才是对其最好的保护与传承。（）</p>",
        "type": "判断",
        "answer": {
          "choice": "1"
        },
        "solution": "<p>本题考查对录音内容的理解和判断能力。</p>"
      }
    ]
  },
  {
    "subjectId": 1,
    "phaseId": 1,
    "question": {
      "content": "<p>读一读，写一写，注意把字写得正确、美观。</p><p>让我们用心体会自rán<input size=\"8\" readonly=\"readonly\" type=\"underline\">的奇妙：飞yáng<input size=\"8\" readonly=\"readonly\" type=\"underline\">的shù zhī<input size=\"15\" readonly=\"readonly\" type=\"underline\">，是柳姑娘张开双bì<input size=\"8\" readonly=\"readonly\" type=\"underline\">，在风中起wǔ<input size=\"8\" readonly=\"readonly\" type=\"underline\">；遍野jīn huáng<input size=\"15\" readonly=\"readonly\" type=\"underline\">的luò yè<input size=\"15\" readonly=\"readonly\" type=\"underline\">，是大山chuān dài<input size=\"15\" readonly=\"readonly\" type=\"underline\">的xiān yàn<input size=\"15\" readonly=\"readonly\" type=\"underline\">秋衣；jīng<input size=\"8\" readonly=\"readonly\" type=\"underline\">莹的雨滴，是云宝宝伤心时liú<input size=\"8\" readonly=\"readonly\" type=\"underline\">下的lèi<input size=\"8\" readonly=\"readonly\" type=\"underline\">水；皑皑的白雪，那是冬爷爷给大地pū<input size=\"8\" readonly=\"readonly\" type=\"underline\">上的一床nuǎn huo<input size=\"15\" readonly=\"readonly\" type=\"underline\">棉被。</p>",
      "type": "填空",
      "answer": {
        "blanks": ["然", "扬", "树枝", "臂", "舞", "金黄", "落叶", "穿戴", "鲜艳", "晶", "流", "泪", "铺", "暖和"]
      },
      "solution": "<p>考查了看拼音写词语，根据所学汉语拼音知识进行拼读写出相应的汉字即可。拼读时要注意所给音节的声母、韵母及声调。</p><p>此题根据拼音写汉字，考查对字形的把握，解答此题的关键是多写，多练，对于易错的形近字，难写字要着重练习。</p>"
    }
  },
  {
    "subjectId": 1,
    "phaseId": 1,
    "question": {
      "content": "<p>下列加点字读音有误的一项是（）</p>",
      "type": "单选",
      "accessories": [
        "<p><span style=\"text-emphasis: filled dot black; text-emphasis-position: under right;\" data-mce-style=\"text-emphasis: filled dot black; text-emphasis-position: under right;\">喷</span>香（pèn） <span style=\"text-emphasis: filled dot black; text-emphasis-position: under right;\" data-mce-style=\"text-emphasis: filled dot black; text-emphasis-position: under right;\">挑</span>战（tiǎo） 一<span style=\"text-emphasis: filled dot black; text-emphasis-position: under right;\" data-mce-style=\"text-emphasis: filled dot black; text-emphasis-position: under right;\">骨</span>碌（gū）</p>",
        "<p><span style=\"text-emphasis: filled dot black; text-emphasis-position: under right;\" data-mce-style=\"text-emphasis: filled dot black; text-emphasis-position: under right;\">诱</span>惑（yòu） <span style=\"text-emphasis: filled dot black; text-emphasis-position: under right;\" data-mce-style=\"text-emphasis: filled dot black; text-emphasis-position: under right;\">担</span>心（dān） 放暑<span style=\"text-emphasis: filled dot black; text-emphasis-position: under right;\" data-mce-style=\"text-emphasis: filled dot black; text-emphasis-position: under right;\">假</span>（jià）</p>",
        "<p><span style=\"text-emphasis: filled dot black; text-emphasis-position: under right;\" data-mce-style=\"text-emphasis: filled dot black; text-emphasis-position: under right;\">介</span>绍（jiè） <span style=\"text-emphasis: filled dot black; text-emphasis-position: under right;\" data-mce-style=\"text-emphasis: filled dot black; text-emphasis-position: under right;\">缤</span>纷（bīng） 明<span style=\"text-emphasis: filled dot black; text-emphasis-position: under right;\" data-mce-style=\"text-emphasis: filled dot black; text-emphasis-position: under right;\">晃</span>晃（huàng）</p>"
      ],
      "answer": {
        "choice": "2"
      },
      "solution": "<p>考查了学生对于平时所学生字读音的掌握情况，根据所学汉语拼音正确拼读后，结合所在的具体词语选择正确的读音即可。</p><p>A、B正确。</p><p>C.有误，缤纷：繁多而杂乱。故\"缤纷\"的\"缤\"读bīn。明晃晃：光亮闪烁的样子。故\"明晃晃\"的\"晃\"读huǎng。</p><p>掌握汉语拼音，音节是中心，声韵调是基础，注意平时大量练习，熟能生巧。</p>"
    }
  },
  {
    "subjectId": 1,
    "phaseId": 1,
    "question": {
      "content": "<p>下列带有口字旁的字，与叫唤的动作有关的一项是（）</p>",
      "type": "单选",
      "accessories": [
        "<p>吱 哗 呜</p>",
        "<p>咽 啃 咬</p>",
        "<p>叫 吵 啼</p>"
      ],
      "answer": {
        "choice": "2"
      },
      "solution": "<p>本题考查了学生对于偏旁部首及偏旁部首所表示的意思的掌握情况，根据课内所学完成。</p><p>A.有误，\"吱\"\"哗\"\"呜\"都是拟声词。</p><p>B.有误，\"咽\"\"啃\"\"咬\"都是嘴所做的动作。</p><p>C.正确，\"叫\"\"吵\"\"啼\"都表示\"叫唤\"。</p><p>偏旁是合体字的构字部件，主要包含形旁和声旁两类，平时在阅读时多多积累，就能做到举一反三。</p>"
    }
  },
  {
    "subjectId": 1,
    "phaseId": 1,
    "question": {
      "content": "<p>下列句子中，标点符号使用有误的一项是（）</p>",
      "type": "单选",
      "accessories": [
        "<p>小裁缝回答说：\"好吧，我一定会制伏两个巨人的。\"</p>",
        "<p>\"我认为我必须重新到外面的世界去\"：丑小鸭说。</p>",
        "<p>\"我好几天没吃东西了，\"拇指姑娘对田鼠说道，\"请给我点吃的好吗？\"</p>"
      ],
      "answer": {
        "choice": "1"
      },
      "solution": "<p>考查了标点符号。根据句子中的关键词提示判断标点符号的用法是否恰当即可。</p><p>A、C正确。</p><p>B．有误，去掉冒号，引号里的句子用句号。</p><p>本题是主要考查了学生对标点的掌握，学生应注意各个标点符号的运用，熟能生巧。</p>"
    }
  },
  {
    "subjectId": 1,
    "phaseId": 1,
    "question": {
      "content": "<p>三年级某班同学团结一心，夺得了拔河比赛冠军。班长说道：\"果然是______，我们要把这种精神延续下去。\"（）</p>",
      "type": "单选",
      "accessories": [
        "<p>'人心齐，泰山移'</p>",
        "<p>'灯不拨不亮，理不辩不明'</p>",
        "<p>'一时强弱在于力，万古胜负在于理'</p>"
      ],
      "answer": {
        "choice": "0"
      },
      "solution": "<p>考查了谚语、俗语及惯用语。谚语着重于传达深刻的道理和智慧，俗语则更贴近人民生活经验和愿望，而惯用语则以形象化的表达方式和比喻意义来描述生活情境。</p><p>A.人心齐，泰山移：形容只要人们的心往一处，共同努力，就能移动泰山。比喻只要大家一心，就能发挥出极大的力量。</p><p>B.灯不拨不亮，理不辩不明：灯油不经过木棒拨一下，是不会明亮的，道理不经过辩论，是不会被人所明悟的。</p><p>C.一时强弱在于力，万古胜负在于理：一时的强弱在于力量的大小，而万古的胜负却在于道理是否说服人心。</p><p>从题干中\"三年级某班同学团结一心\"这句可知，题干横线中应填入的谚语是：人心齐，泰山移。</p><p>谚语、俗语及惯用语在实际的语言运用中非常广泛。在平时的学习中，要理解谚语、俗语及惯用语的意思，特别注意错别字，对于这些应背诵内容，只要平时注意积累，完成该题应不是难事。</p>"
    }
  },
  {
    "subjectId": 1,
    "phaseId": 1,
    "question": {
      "content": "<p>下列说法错误的一项是（）</p>",
      "type": "单选",
      "accessories": [
        "<p>阅读童话故事，不仅可以丰富我们的想象，还能收获许多启示。</p>",
        "<p>写字时横画要写得端正，竖画要写得平稳，注意横直竖平。</p>",
        "<p>边读边预测故事内容，可以帮助我们更好地理解文章意思。</p>"
      ],
      "answer": {
        "choice": "1"
      },
      "solution": "<p>考查了阅读策略和方法、汉字书写。阅读策略是指阅读主体在阅读过程中，根据阅读任务、阅读目标及阅读材料的特点等因素所选用的促进有效阅读的规则、方法和技巧。</p><p>AC项正确，B项错误，要想把字写端正，就要把横画写得平稳，竖画写得端正，做到横平竖直。</p><p>阅读要注重培养学生课外阅读的能力，提高学生的文学素养，掌握正确的阅读方法。</p>"
    }
  },
  {
    "subjectId": 1,
    "phaseId": 1,
    "question": {
      "content": "<p>三年级（1）班周末到野外开展\"寻找秋天\"综合性学习活动，请你参与进来吧！</p><p><strong>【由\"秋\"见四季】</strong>游览过程中，第一小组同学拍摄了硕果累累的秋景，接着大家发现了相机里不同季节的美图，请你用积累的词语形容吧！</p><p><img src=\"media/image2.png\" width=\"2.4902777777777776in\" height=\"1.2194444444444446in\" alt=\"秋景图\"/>秋：凉爽、硕果累累</p><p><img src=\"media/image3.png\" width=\"2.1881944444444446in\" height=\"1.0840277777777778in\" alt=\"春景图\"/>春：<input size=\"20\" readonly=\"readonly\" type=\"underline\"/></p><p><img src=\"media/image4.png\" width=\"2.511111111111111in\" height=\"1.1569444444444446in\" alt=\"夏景图\"/>夏：<input size=\"20\" readonly=\"readonly\" type=\"underline\"/></p><p><img src=\"media/image5.png\" width=\"2.1465277777777776in\" height=\"1.229861111111111in\" alt=\"冬景图\"/>冬：<input size=\"20\" readonly=\"readonly\" type=\"underline\"/></p><p><strong>【由\"趣\"建小组】</strong>几位对拍照感兴趣的同学组成了\"摄影侠\"兴趣小组，其他同学纷纷效仿，成立自己的兴趣小组。请你结合描述为他们取个响亮的小组名称吧。</p><p>①<input size=\"15\" readonly=\"readonly\" type=\"underline\"/>：用画笔记录身边美景。</p><p>②<input size=\"15\" readonly=\"readonly\" type=\"underline\"/>：用文字描绘眼前景色。</p><p>③<input size=\"15\" readonly=\"readonly\" type=\"underline\"/>：用歌声赞颂美丽景物。</p><p><strong>【由\"景\"诵诗歌】</strong>在美景如画的乡野间，\"诗歌吟诵\"小组面对秋景联想起了诗，开始讨论起来，请你帮他们把诗句补充完整吧。</p><p>诗中包含一幅幅精美绝伦的画作，既有\"<input size=\"25\" readonly=\"readonly\" type=\"underline\"/>，最是橙黄橘绿时\"的缤纷色彩，也有\"远上寒山石径斜，<input size=\"25\" readonly=\"readonly\" type=\"underline\"/>\"的美丽风光。诗中饱含作者丰富的情感，既有\"牧童 <input size=\"15\" readonly=\"readonly\" type=\"underline\"/>，<input size=\"15\" readonly=\"readonly\" type=\"underline\"/>\"的轻快喜悦，又有\"萧萧梧叶送寒声，<input size=\"25\" readonly=\"readonly\" type=\"underline\"/>\"的忧愁思念。</p><p><strong>【由\"名\"见故事】</strong>在诵诗过程中，轩轩问起诗人\"苏轼\"名字的来历，老师给大家详细讲解了，同学们听后，纷纷谈论起自己名字的由来，以下是峰峰的发言。</p><p style=\"border-top: 1px solid #000; border-bottom: 1px solid #000; padding: 10px 0;\">我叫吕岱峰，这是给我取的。岱的意思是泰山，爷爷希望想要我做人做事稳如泰山，有男子汉的担当。峰是指山峰，表示一座山的最顶端，他希望我能构好好学习，不断向上。</p>",
      "type": "综合"
    },
    "subQuestions": [
      {
        "content": "<p><strong>【由\"秋\"见四季】</strong>用积累的词语形容春、夏、冬三季的美景。</p><p>春：<input size=\"20\" readonly=\"readonly\" type=\"underline\"/></p><p>夏：<input size=\"20\" readonly=\"readonly\" type=\"underline\"/></p><p>冬：<input size=\"20\" readonly=\"readonly\" type=\"underline\"/></p>",
        "type": "填空",
        "answer": {
          "blanks": ["明媚、春暖花开", "炎热、骄阳似火", "寒冷、白雪皑皑"]
        },
        "solution": "<p>考查了看图写词语和成语运用，根据图片以及自己积累的有关四季的成语填写即可。</p>"
      },
      {
        "content": "<p><strong>【由\"趣\"建小组】</strong>结合描述为兴趣小组取响亮的名称。</p><p>①<input size=\"15\" readonly=\"readonly\" type=\"underline\"/>：用画笔记录身边美景。</p><p>②<input size=\"15\" readonly=\"readonly\" type=\"underline\"/>：用文字描绘眼前景色。</p><p>③<input size=\"15\" readonly=\"readonly\" type=\"underline\"/>：用歌声赞颂美丽景物。</p>",
        "type": "填空",
        "answer": {
          "blanks": ["神笔马良", "文字之舟", "天籁之声"]
        },
        "solution": "<p>考查了实践作业。①根据\"画笔\"可知，此兴趣小组属于美术组；②根据\"文字\"可知，此兴趣小组为写作组；③根据\"歌声\"可知。此兴趣小组为唱歌组。最后将组别名称美化一下即可。</p>"
      },
      {
        "content": "<p><strong>【由\"景\"诵诗歌】</strong>补充诗句。</p><p>诗中包含一幅幅精美绝伦的画作，既有\"<input size=\"25\" readonly=\"readonly\" type=\"underline\"/>，最是橙黄橘绿时\"的缤纷色彩，也有\"远上寒山石径斜，<input size=\"25\" readonly=\"readonly\" type=\"underline\"/>\"的美丽风光。诗中饱含作者丰富的情感，既有\"牧童 <input size=\"15\" readonly=\"readonly\" type=\"underline\"/>，<input size=\"15\" readonly=\"readonly\" type=\"underline\"/>\"的轻快喜悦，又有\"萧萧梧叶送寒声，<input size=\"25\" readonly=\"readonly\" type=\"underline\"/>\"的忧愁思念。</p>",
        "type": "填空",
        "answer": {
          "blanks": ["一年好景君须记", "白云生处有人家", "骑黄牛", "歌声振林樾", "江上秋风动客情"]
        },
        "solution": "<p>考查了古诗文默写。第一句诗出自宋代苏轼的《赠刘景文》，全文为：荷尽已无擎雨盖，菊残犹有傲霜枝。一年好景君须记，最是橙黄橘绿时。第二句诗出自唐代杜牧的《山行》，全文为：远上寒山石径斜，白云生处有人家。停车坐爱枫林晚，霜叶红于二月花。第三句诗\"牧童骑黄牛，歌声振林樾。\"描写了小牧童的天真活泼、悠然自得的可爱模样和他愉快的心情。通过\"骑\"和\"振\"两个动词，把牧童那种悠然自在、无忧无虑的心情和盘托出。第四句诗出自宋代叶绍翁的《夜书所见》，全文为：萧萧梧叶送寒声，江上秋风动客情。知有儿童挑促织，夜深篱落一灯明。</p>"
      },
      {
        "content": "<p><strong>【由\"名\"见故事】（1）</strong>峰峰的发言中有几处错误，请你用修改符号改正。<input size=\"40\" readonly=\"readonly\" type=\"underline\"/></p>",
        "type": "填空",
        "answer": {
          "blanks": ["我叫吕岱峰，这是爷爷给我取的。岱的意思是泰山，爷爷希望我做人做事稳如泰山，有男子汉的担当。峰是指山峰，表示一座山的最顶端，他希望我能够好好学习，不断向上。"]
        },
        "solution": "<p>考查了修改病句。\"这是给我取的。\"属于成分残缺，应该为\"这是爷爷给我取的。\"；\"爷爷希望想要我做人做事稳如泰山。\"属于成分赘余，删去\"想要\"；\"能构\"属于错别字，应改为\"能够\"。</p>"
      },
      {
        "content": "<p><strong>【由\"名\"见故事】（2）</strong>同学们对你的名字很感兴趣，请你也来讲讲藏在你名字里的故事吧！<p style=\"overflow: hidden;\"><full-line-blank id=\"mce_1\" style=\"display: inline; position: static;\" contenteditable=\"false\" data-lines=\"3\" data-punctuation=\"\" data-first-line-width=\"651\"></full-line-blank></p></p>",
        "type": "简答",
        "answer": {
          "answer": "<p>我有一个好听的名字——杨莉叶。\"莉\"这个字会让大家不由自主地想起一种美丽的花——茉莉花。这个字代表着忠诚和质朴，它寓意着亲切与美好，象征着一切美好事物都会顺心如意。名字中第三个字\"叶\"，既是妈妈的姓氏，又是妈妈寄予我的期望。这个字寓意可爱、和善，象征着温文儒雅、乐于助人。爸爸妈妈的姓氏一前一后，\"莉\"字夹在中间，就犹如小小的我时刻被爸爸妈妈陪伴着，一路保驾护航，助力我健康成长。</p>"
        },
        "solution": "<p>考查了开放探究。结合自己的名字，谈一谈名字里的故事即可。</p>"
      }
    ]
  },
  {
    "subjectId": 1,
    "phaseId": 1,
    "question": {
      "content": "<p>课内阅读。</p><p>&nbsp; &nbsp;红头在牛肚子里随着草一起移动，从第一个胃到了<u>第二个胃</u>，又从第二个胃回到了<u>牛嘴里</u>。这一下，红头又看见了光亮。可是，它已经一动也不能动了。</p><p>&nbsp; &nbsp;这时，青头爬到牛鼻子上，用它的身体在牛鼻孔里蹭来蹭去。</p><p>&nbsp; &nbsp;\"阿嚏！\"牛打了一个喷嚏，红头随着一团草一下子给喷了出来。</p><p>&nbsp; &nbsp;红头看见自己的朋友，高兴得流下了眼泪：\"谢谢你......\"</p><p>&nbsp; &nbsp;青头笑眯眯地说：\"不要哭，就当你在牛肚子里作了一次旅行吧！\"</p>",
      "type": "综合"
    },
    "subQuestions": [
      {
        "content": "<p>请你结合选段内容，理一理红头的旅行路线。</p><p>第一个胃→<input size=\"15\" readonly=\"readonly\" type=\"underline\"/>→<input size=\"15\" readonly=\"readonly\" type=\"underline\"/></p>",
        "type": "填空",
        "answer": {
          "blanks": ["第二个胃", "牛嘴里"]
        },
        "solution": "<p>考查对语段内容的理解并填空回答问题。通读语段，从文中的\"红头在牛肚子里随着草一起移动，从第一个胃到了第二个胃，又从第二个胃回到了牛嘴里\"这句话中可了解红头的旅行路线。</p>"
      },
      {
        "content": "<p>从哪里可以看出青头和红头是非常要好的朋友？用\"______\"在文中画出一处，并谈谈你的理解。<p style=\"overflow: hidden;\"><full-line-blank id=\"mce_1\" style=\"display: inline; position: static;\" contenteditable=\"false\" data-lines=\"3\" data-punctuation=\"\" data-first-line-width=\"651\"></full-line-blank></p></p>",
        "type": "简答",
        "answer": {
          "answer": "<p>因为青头得知红头被老牛吃到肚子里，它很着急，想尽办法来救红头，它利用老牛反刍的特点，才\"青头爬到牛鼻子上，用它的身体在牛鼻孔里蹭来蹭去\"，让老牛打喷嚏，让红头也随之出来。这就是好朋友间的真诚帮助和友谊。</p>"
        },
        "solution": "<p>考查对语段内容的理解。通读语段，从文中的\"这时，青头爬到牛鼻子上，用它的身体在牛鼻孔里蹭来蹭去\"可知青头和红头是非常要好的朋友，因为青头得知红头被老牛吃到肚子里，它很着急，想尽办法来救红头。</p>"
      },
      {
        "content": "<p>读画\"～～～\"的句子，红头还会说什么？请你发挥想象，补全句子。</p><p>红头看见自己的朋友，高兴得流下了眼泪：\"谢谢你，<input size=\"30\" readonly=\"readonly\" type=\"underline\"/>\"</p>",
        "type": "填空",
        "answer": {
          "blanks": ["多亏您救了我。要不是您的救助，我早就被老牛嚼碎了，我和你就永远也见不到面了。"]
        },
        "solution": "<p>考查对重点句子的理解。通读语段可知，文中的\"红头看见自己的朋友，高兴得流下了眼泪：'谢谢你......'\"这句话是红头从牛嘴里出来后感谢青头时说的话，根据语境可以补充感谢的具体内容。</p>"
      },
      {
        "content": "<p>你认为红头能够成功从牛肚子里出来的原因是什么？<p style=\"overflow: hidden;\"><full-line-blank id=\"mce_1\" style=\"display: inline; position: static;\" contenteditable=\"false\" data-lines=\"2\" data-punctuation=\"\" data-first-line-width=\"651\"></full-line-blank></p></p>",
        "type": "简答",
        "answer": {
          "answer": "<p>青头利用牛反刍的特点帮助红头出来的。</p>"
        },
        "solution": "<p>考查对语段内容的理解，并回答问题。通读语段，从文中的\"红头在牛肚子里随着草一起移动，从第一个胃到了第二个胃，又从第二个胃回到了牛嘴里\"可知，牛有反刍的特点，因此，红头能够成功从牛肚子里出来的原因是青头利用牛反刍的特点帮助红头出来的。</p>"
      }
    ]
  },
  {
    "subjectId": 1,
    "phaseId": 1,
    "question": {
      "content": "<p style=\"text-align: center;\">苏菲的杰作</p><p>&nbsp; &nbsp;①苏菲不是普通的蜘蛛，它能织出非常奇妙的网。</p><p>&nbsp; &nbsp;②苏菲长大后，搬到了公寓里。它想为公寓织一条新窗帘，房东太太看到它，立刻尖叫一声：\"蜘蛛！\"然后吓得爬到了屋顶上。</p><p>&nbsp; &nbsp;③苏菲爬上楼梯，钻进船长的衣橱里。当它想为船长织一套蓝色的新衣服时，</p><p>读到这里，我的预测是：<input size=\"30\" readonly=\"readonly\" type=\"underline\"/>。</p><p>我的依据是：<input size=\"30\" readonly=\"readonly\" type=\"underline\"/></p><p>&nbsp; &nbsp;④<u>苏菲匆匆忙忙地逃走了，它飞快地爬出衣橱（chú），穿过走廊，钻进厨师的拖鞋里</u>。厨师的拖鞋又脏又破，它想为厨师织一双新拖鞋。\"你这只黑蜘蛛，\"厨师气呼呼地大骂，\"臭东西。\"他用力把苏菲甩了出来。</p><p>&nbsp; &nbsp;⑤苏菲好伤心，它越过地毯，爬进三楼一个年轻女人的房间里。这个女人刚生了一个宝宝。当苏菲疲惫不堪地躲进装满毛线的箩筐里准备睡觉时，她发现了苏菲。</p><p>&nbsp; &nbsp;⑥没想到这个女人没有打骂它，她抱着宝宝<u>微笑地看着苏菲</u>，那笑容像阳光般温暖。苏菲决定为宝宝织条毛毯。它织啊织啊，终于织出了一条柔软美丽的毯子，上面有月光般银白的光线，有星星般闪亮的光芒。</p><p>&nbsp; &nbsp;⑦年轻女人在篮子里发现了这条毯子，她满怀爱意和惊喜，把毯子盖在熟睡的宝宝身上，她知道这是苏菲的杰作。</p>",
      "type": "综合"
    },
    "subQuestions": [
      {
        "content": "<p>读第②～⑥自然段，公寓里的人是怎样对待苏菲的？请你填一填。</p><table><tr><td>人物</td><td>对待苏菲的态度</td></tr><tr><td>房东太太</td><td><input size=\"30\" readonly=\"readonly\" type=\"underline\"/></td></tr><tr><td><input size=\"15\" readonly=\"readonly\" type=\"underline\"/></td><td>气呼呼地大骂，用力把苏菲甩了出来</td></tr><tr><td>年轻女人</td><td><input size=\"30\" readonly=\"readonly\" type=\"underline\"/></td></tr></table>",
        "type": "填空",
        "answer": {
          "blanks": ["大声尖叫，吓得爬到了屋顶上", "厨师", "微笑地看着苏菲"]
        },
        "solution": "<p>考查根据文章内容填空。由第二段句子\"当它想为公寓织条新的窗帘时，房东太太看到它，大声嚷着：'我的客厅里不准有蜘蛛！她拿起抹布，朝苏菲打去'\"可知，房东太太是大声嚷，拿起抹布，朝苏菲打去。由第四段句子\"当它想为厨师织一双新拖鞋时，厨师看到它，气呼呼地大骂：'你这只丑八怪！臭蜘蛛'他用力把苏菲甩了出来\"可知，厨师气呼呼地大骂，用力把苏菲甩了出来。由第六段句子\"没想到这个女人没有打骂它，她抱着宝宝微笑地看着苏菲，那笑容像阳光般温暖。苏菲决定为宝宝织条毛毯\"可知，年轻女人微笑地看着苏菲。</p>"
      },
      {
        "content": "<p>读第③自然段时，你预测后面会发生什么？请写在文中方框里。</p><p>读到这里，我的预测是：<input size=\"30\" readonly=\"readonly\" type=\"underline\"/>。</p><p>我的依据是：<input size=\"30\" readonly=\"readonly\" type=\"underline\"/></p>",
        "type": "填空",
        "answer": {
          "blanks": ["船长看到它，大声尖叫", "苏菲匆匆忙忙地逃走了"]
        },
        "solution": "<p>考查文章内容预测。可以根据情节预测，也可以根据文章标题预测。由原文句子\"苏菲匆匆忙忙地逃走了，它飞快地爬出衣橱，穿过走廊，钻进厨师的拖鞋里\"可以预测，苏菲这次又可能会得到不好的对待。</p>"
      },
      {
        "content": "<p>读第④自然段画\"______\"的句子时，应读出<input size=\"10\" readonly=\"readonly\" type=\"underline\"/>的语气。</p>",
        "type": "单选",
        "accessories": [
          "<p>欣喜</p>",
          "<p>慌张</p>",
          "<p>激动</p>"
        ],
        "answer": {
          "choice": "1"
        },
        "solution": "<p>考查对句子的朗读。由\"苏菲匆匆忙忙地逃走了，它飞快地爬出衣橱，穿过走廊，钻进厨师的拖鞋里\"可知，这是苏菲逃离的描写，情势危急，应读出害怕、慌张的语气。</p>"
      },
      {
        "content": "<p>\"苏菲的杰作\"指的是什么？这杰作是怎样的呢？请用\"～～～\"在文中画出相关的句子。<p style=\"overflow: hidden;\"><full-line-blank id=\"mce_1\" style=\"display: inline; position: static;\" contenteditable=\"false\" data-lines=\"2\" data-punctuation=\"\" data-first-line-width=\"651\"></full-line-blank></p></p>",
        "type": "简答",
        "answer": {
          "answer": "<p>一条柔软美丽的毯子。上面有月光般银白的光线，有星星般闪亮的光芒。</p>"
        },
        "solution": "<p>考查文章内容理解。由原文\"年轻女人在篮子里发现了这条毯子，她满怀爱意和惊喜，把毯子盖在熟睡的宝宝身上，她知道这是苏菲的杰作\"，再联系上文苏菲决定为宝宝织条毛毯可知，苏菲的杰作是\"一条毯子\"。由\"它织啊织啊，终于织出了条柔软美丽的毯子，上面有月光般银白的光线，有星星般闪亮的光芒\"可知毯子的样子。</p>"
      }
    ]
  },
  {
    "subjectId": 1,
    "phaseId": 1,
    "question": {
      "content": "<p>请从下面两个题目中任选一个，写一篇作文。</p><p><strong>题目一：</strong></p><p>&nbsp; &nbsp;你最要好的朋友是谁？想起他（她），你心中是否会感到温暖和快乐？</p><p>&nbsp; &nbsp;你们之间发生过哪些让你难以忘怀的瞬间？请你用日记的形式写一写你们之间的趣事。注意不要透露真实的人名、地名和校名等；250字左右。</p><p><strong>题目二：</strong></p><p>&nbsp; &nbsp;请从下面任意选择三个词语，展开想象，编写一个有趣的童话故事。题目自拟；250字左右。</p><table><tr><td>土豆</td><td>小麻雀</td><td>笛子</td><td>头发</td><td>小河边</td><td>月亮</td></tr></table>",
      "type": "简答",
      "answer": {
        "answer": "<p><strong>题目一例文：</strong></p><p style=\"text-align: center;\">xxxx年x月x日 星期五 天气 晴</p><p>&nbsp; &nbsp;昨天晚上，我和小强吃过晚饭后出去玩，我们追追打打，玩得十分开心，这时我冲向小强，想捉住他没想到小强一个侧转，就躲过了，我一看，小强身后有一辆摩托车横停在那儿，我也停不住了，一下子撞上了摩托车，马上就把车撞到了。我站了起来，急忙向把车扶起来，可不管怎么样用力，我就是扶不起车。而这时小强走了过来，说：\"你没事吧，我们一起把车扶起来吧。\"话音刚落，他就走到车头，双手拿着两个把手，我也一起，用力一提，车子的前面的部分就提起来了一些然后我抓稳车头，小强又走到车尾，用手拿住坐垫，接着我们两人一起用力一提，车终于立起来了。可我一松手，刚立起来的车又侧向我，眼看就要砸到我了，这时，小强快速地来到车中间，扶起了车，车才没砸到我。因为刚才他为了救我，他的腿被踏板深深的画了一口子，鲜血流了下来，后来他的父母送他到了医院学才完全止住，还挨缝了三四针。</p><p>&nbsp; &nbsp;后来，我问小强：\"你干嘛这么认真，车扶不起来就算了，何必一定要扶起来呢，还受伤了。\"\"不是的！\"小强认真地说，\"将心比心，如果是你的车被别人撞倒，而不扶起来，你又怎样的感受，而现在我们撞到了别人的车，却不扶起来，别人一定很气愤！\"没错，将心比心，没想到小强年纪不大，却明白了这个道理。我五年级的时候，小强搬走了，从此我们在没有联系，但我一直记得小强，一个让我明白将心比心道理的人。</p><p>&nbsp; &nbsp;这就是我的小伙伴，怎么样，人不错吧？小强是他的小名，他的全名是王东强！</p><p><strong>题目二例文：</strong></p><p style=\"text-align: center;\">土豆、笛子和小麻雀</p><p>&nbsp; &nbsp;在一座大山的深处，住着一个可爱的小土豆，他有一个梦想，就是学会吹笛子。可是，他身在山中，无法走出大山，也没有机会去学习吹笛子。就在他为此烦恼的时候，</p><p>&nbsp; &nbsp;一只可爱的小麻雀飞到了他的身边，问道：\"小土豆，你为什么这么烦恼呢？\"小土豆把自己的梦想告诉了小麻雀。小麻雀听后，决定帮助他实现梦想。</p><p>&nbsp; &nbsp;于是，小麻雀飞遍了整个世界，终于找到了一个会吹笛子的老师，那就是住在远方的猫头鹰先生。小麻雀带着猫头鹰先生的笛子，回到了山中，交给了小土豆。</p><p>&nbsp; &nbsp;小土豆高兴极了，他每天都在努力学习吹笛子，他的笛声飘荡在山谷中，给大山带来了无尽的欢乐。</p><p>&nbsp; &nbsp;这就是我心中的童话，一个关于友情、梦想和坚持的故事。我想，只要我们有梦想，有勇气，有朋友的帮助，就一定能实现我们的梦想。</p>"
      },
      "solution": "<p><strong>题目一写作解析：</strong></p><p>本题考查了常见应用文的写作。首先要看清题目要求是写日记；接着在头脑里回顾一下日记的写作格式；然后结合题目要求，写一些生活中有意义的事或发现的有趣的事物，注意抓住\"有意义\"或\"有趣\"来写，将事情写清楚，具体。</p><p>日记格式：</p><p>第一行写年月日，周几，天气如何，格式居中；</p><p>第二行开始写正文，写什么都可以，做了什么、感受到了什么，日记的主要目的是记录，真实最可贵。日记的正文是日记的主要部分，写在星期和日期的正下方，可以顶格写，也可以内缩3至5个字母的空间。</p><p><strong>题目二写作解析：</strong></p><p>本题为自命题的童话作文，要求从所给的词语中任意选择三个词语，展开想象，编写一个有趣的童话故事。可见文章应该写一篇童话故事，想想它们之间可能发生什么事？结果怎样？写童话故事要注意进行合理而丰富的想象，不能天马行空，胡编乱造，要符合生活实际。写童话作文应和写记叙文一样，在写法上也要有时间、地点、人物、事情的起因、经过、结果。写童话作文也要重视语言文字的表达，讲究章法结构，使人读起来能感到文通句顺，条理清楚，给人留下深刻的印象。</p>"
    }
  }
]
✅ 流式响应接收完成

✅ API调用成功，响应长度: 20478 字符
📄 原始响应已保存到: raw_api_responses/raw_response_2023-2024学年广东省深圳市福田区三年级（上）期中语文试卷_20250902_153903.txt
🎉 完成！共11道题目，保存到: json_res/questions_2023-2024学年广东省深圳市福田区三年级（上）期中语文试卷_20250902_153903.json
🔗 格式信息整合完成

============================================================
🔗 Coze工作流处理阶段
============================================================
🔗 准备调用Coze工作流...
🚀 调用Coze工作流开始...
📊 发送数据量: 18174 字符
✅ Coze工作流调用成功，返回 11 个ID
📋 ID列表预览: 66227013, 66185992, 66217084, 66225026, 66213077...
📁 Coze ID列表已保存到: coze_res/coze_ids_2023-2024学年广东省深圳市福田区三年级（上）期中语文试卷_20250902_153904.txt
✅ Coze ID已整合到题目结果中
✅ 文档处理完成！

==================================================
📏 首行缩进段落: 35 个
📐 居中对齐段落: 7 个
📑 居右对齐段落: 0 个
📊 特殊格式文本: 534 个片段
  ⚠️ 波浪线格式: 2次
==================================================
